Microchip MPLAB XC8 Compiler V1.42 ()

Linker command line:

-W-3 --edf=C:\Program Files (x86)\Microchip\xc8\v1.42\dat\en_msgs.txt -cs \
  -h+dist/default/production\cFlasher.X.production.sym \
  --cmf=dist/default/production\cFlasher.X.production.cmf -z -Q16F684 \
  -oC:\Users\577620\AppData\Local\Temp\s5qc.2 \
  -Mdist/default/production/cFlasher.X.production.map -E1 -ver=XC8 \
  -ASTACK=030h-06fh -pstack=STACK -ACODE=00h-07FFh -ASTRCODE=00h-07FFh \
  -ASTRING=00h-0FFhx8 -ACONST=00h-0FFhx8 -AENTRY=00h-0FFhx8 \
  -ACOMMON=070h-07Fh -ABANK0=020h-06Fh -ABANK1=0A0h-0BFh \
  -ARAM=020h-06Fh,0A0h-0BFh -AABS1=020h-07Fh,0A0h-0BFh -ASFR0=00h-01Fh \
  -ASFR1=080h-09Fh -preset_vec=00h,intentry,init,end_init -ppowerup=CODE \
  -pcinit=CODE -pfunctab=CODE -ACONFIG=02007h-02007h -pconfig=CONFIG \
  -DCONFIG=2 -AIDLOC=02000h-02003h -pidloc=IDLOC -DIDLOC=2 \
  -AEEDATA=00h-0FFh/02100h -peeprom_data=EEDATA -DEEDATA=2 -DCODE=2 \
  -DSTRCODE=2 -DSTRING=2 -DCONST=2 -DENTRY=2 -k \
  C:\Users\577620\AppData\Local\Temp\s5qc.obj \
  dist/default/production\cFlasher.X.production.obj 

Object code version is 3.11

Machine type is 16F684



                Name                               Link     Load   Length Selector   Space Scale
C:\Users\577620\AppData\Local\Temp\s5qc.obj
                end_init                              0        0        1        0       0
                config                             2007     2007        1     400E       0
dist/default/production\cFlasher.X.production.obj
                cinit                               7FE      7FE        2      FFC       0
                text18                                D        D        9       1A       0
                text17                               76       76       21       EC       0
                text16                               27       27       18       4E       0
                text15                                3        3        4        6       0
                text14                              665      665      199      CCA       0
                text13                               FC       FC       50      1F8       0
                text12                               3F       3F       1A       7E       0
                text11                              376      376       CE      6EC       0
                text10                                7        7        6        E       0
                text9                                97       97       22      12E       0
                text8                               14C      14C       56      298       0
                text7                               204      204       A8      408       0
                text6                                B9       B9       43      172       0
                text5                               1A2      1A2       62      344       0
                text4                               2AC      2AC       CA      558       0
                text3                               542      542      123      A84       0
                text2                                59       59       1D       B2       0
                text1                               444      444       FE      888       0
                maintext                             16       16       11       2C       0
                cstackBANK0                          20       20       10       20       1
                cstackCOMMON                         70       70        D       70       1

TOTAL           Name                               Link     Load   Length     Space
        CLASS   STACK          

        CLASS   CODE           
                end_init                              0        0        1         0
                cinit                               7FE      7FE        2         0
                text18                                D        D        9         0
                text17                               76       76       21         0
                text16                               27       27       18         0
                text15                                3        3        4         0
                text14                              665      665      199         0
                text13                               FC       FC       50         0
                text12                               3F       3F       1A         0
                text11                              376      376       CE         0
                text10                                7        7        6         0
                text9                                97       97       22         0
                text8                               14C      14C       56         0
                text7                               204      204       A8         0
                text6                                B9       B9       43         0
                text5                               1A2      1A2       62         0
                text4                               2AC      2AC       CA         0
                text3                               542      542      123         0
                text2                                59       59       1D         0
                text1                               444      444       FE         0
                maintext                             16       16       11         0

        CLASS   STRCODE        

        CLASS   STRING         

        CLASS   CONST          

        CLASS   ENTRY          

        CLASS   COMMON         
                cstackCOMMON                         70       70        D         1

        CLASS   BANK0          
                cstackBANK0                          20       20       10         1

        CLASS   BANK1          

        CLASS   RAM            

        CLASS   ABS1           
                abs_s1                               7E       7E        2         1

        CLASS   SFR0           

        CLASS   SFR1           

        CLASS   CONFIG         
                config                             2007     2007        1         0

        CLASS   IDLOC          

        CLASS   EEDATA         



SEGMENTS        Name                           Load    Length   Top    Selector   Space  Class     Delta

                reset_vec                      000000  000001  000001         0       0  CODE        2
                text15                         000003  000004  000007         6       0  CODE        2
                text10                         000007  000006  00000D         E       0  CODE        2
                text18                         00000D  000009  000016        1A       0  CODE        2
                cstackBANK0                    000020  000010  000030        20       1  BANK0       1
                maintext                       000016  000011  000027        2C       0  CODE        2
                text16                         000027  000018  00003F        4E       0  CODE        2
                cstackCOMMON                   000070  00000D  00007D        70       1  COMMON      1
                text12                         00003F  00001A  000059        7E       0  CODE        2
                text2                          000059  00001D  000076        B2       0  CODE        2
                text17                         000076  000021  000097        EC       0  CODE        2
                text9                          000097  000022  0000B9       12E       0  CODE        2
                text6                          0000B9  000043  0000FC       172       0  CODE        2
                text13                         0000FC  000050  00014C       1F8       0  CODE        2
                text8                          00014C  000056  0001A2       298       0  CODE        2
                text5                          0001A2  000062  000204       344       0  CODE        2
                text7                          000204  0000A8  0002AC       408       0  CODE        2
                text4                          0002AC  0000CA  000376       558       0  CODE        2
                text11                         000376  0000CE  000444       6EC       0  CODE        2
                text1                          000444  0000FE  000542       888       0  CODE        2
                text3                          000542  000123  000665       A84       0  CODE        2
                text14                         000665  000199  0007FE       CCA       0  CODE        2
                cinit                          0007FE  000002  000800       FFC       0  CODE        2
                config                         002007  000001  002008      400E       0  CONFIG      2


UNUSED ADDRESS RANGES

        Name                Unused          Largest block    Delta
        BANK0            0030-006F             40           1
        BANK1            00A0-00BF             20           1
        CODE             0001-0002              2           2
        COMMON           007D-007D              1           1
        CONST            0001-0002              2           2
        EEDATA           2100-21FF            100           2
        ENTRY            0001-0002              2           2
        IDLOC            2000-2003              4           2
        RAM              0030-006F             40           1
                         00A0-00BF             20
        SFR0             0000-001F             20           1
        SFR1             0080-009F             20           1
        STACK            0030-006F             40           1
        STRCODE          0001-0002              2           2
        STRING           0001-0002              2           2

                                  Symbol Table

?___wmul                        cstackCOMMON 0070
_ANSEL                          (abs)        0091
_CMCON0                         (abs)        0019
_Initialize                     text18       000D
_PORTA                          (abs)        0005
_PORTC                          (abs)        0007
_RA2                            (abs)        002A
_RA4                            (abs)        002C
_TRISA                          (abs)        0085
_TRISC                          (abs)        0087
__CFG_BOREN$OFF                 (abs)        0000
__CFG_CP$OFF                    (abs)        0000
__CFG_CPD$OFF                   (abs)        0000
__CFG_FCMEN$OFF                 (abs)        0000
__CFG_FOSC$INTOSCIO             (abs)        0000
__CFG_IESO$OFF                  (abs)        0000
__CFG_MCLRE$OFF                 (abs)        0000
__CFG_PWRTE$ON                  (abs)        0000
__CFG_WDTE$OFF                  (abs)        0000
__Habs1                         abs1         0000
__Hbank0                        bank0        0000
__Hbank1                        bank1        0000
__Hcinit                        cinit        0800
__Hclrtext                      clrtext      0000
__Hcode                         code         0000
__Hcommon                       common       0000
__Hconfig                       config       2008
__HcstackBANK0                  cstackBANK0  0000
__HcstackCOMMON                 cstackCOMMON 0000
__Heeprom_data                  eeprom_data  0000
__Hend_init                     end_init     0001
__Hfunctab                      functab      0000
__Hidloc                        idloc        0000
__Hinit                         init         0000
__Hintentry                     intentry     0000
__Hmaintext                     maintext     0000
__Hpowerup                      powerup      0000
__Hram                          ram          0000
__Hreset_vec                    reset_vec    0000
__Hsfr0                         sfr0         0000
__Hsfr1                         sfr1         0000
__Hspace_0                      (abs)        2008
__Hspace_1                      (abs)        007D
__Hspace_2                      (abs)        0000
__Hspace_3                      (abs)        0000
__Hstack                        stack        0000
__Hstrings                      strings      0000
__Htext                         text         0000
__Labs1                         abs1         0000
__Lbank0                        bank0        0000
__Lbank1                        bank1        0000
__Lcinit                        cinit        07FE
__Lclrtext                      clrtext      0000
__Lcode                         code         0000
__Lcommon                       common       0000
__Lconfig                       config       2007
__LcstackBANK0                  cstackBANK0  0000
__LcstackCOMMON                 cstackCOMMON 0000
__Leeprom_data                  eeprom_data  0000
__Lend_init                     end_init     0000
__Lfunctab                      functab      0000
__Lidloc                        idloc        0000
__Linit                         init         0000
__Lintentry                     intentry     0000
__Lmaintext                     maintext     0000
__Lpowerup                      powerup      0000
__Lram                          ram          0000
__Lreset_vec                    reset_vec    0000
__Lsfr0                         sfr0         0000
__Lsfr1                         sfr1         0000
__Lspace_0                      (abs)        0000
__Lspace_1                      (abs)        0000
__Lspace_2                      (abs)        0000
__Lspace_3                      (abs)        0000
__Lstack                        stack        0000
__Lstrings                      strings      0000
__Ltext                         text         0000
__S0                            (abs)        2008
__S1                            (abs)        007D
__S2                            (abs)        0000
__S3                            (abs)        0000
___int_sp                       stack        0000
___latbits                      (abs)        0000
___sp                           stack        0000
___wmul                         text17       0076
___wmul@multiplicand            cstackCOMMON 0072
___wmul@multiplier              cstackCOMMON 0070
___wmul@product                 cstackCOMMON 0074
__end_of_Initialize             text18       0016
__end_of___wmul                 text17       0097
__end_of__initialization        cinit        07FE
__end_of_alternateDouble        text4        0376
__end_of_circlePattern          text14       07FE
__end_of_crash                  text13       014C
__end_of_diagonalPattern        text3        0665
__end_of_doublePattern          text12       0059
__end_of_endToEnd               text11       0444
__end_of_flashAllOn             text9        00B9
__end_of_flashAlternating       text8        01A2
__end_of_main                   maintext     0027
__end_of_msDelay                text16       003F
__end_of_patternOne             text5        0204
__end_of_patternTwo             text1        0542
__end_of_rotateDouble           text7        02AC
__end_of_rotateDoubleBackwards  text2        0076
__end_of_swipe                  text6        00FC
__end_of_turnOffAll             text15       0007
__end_of_turnOnAll              text10       000D
__initialization                cinit        07FE
__pcstackBANK0                  cstackBANK0  0020
__pcstackCOMMON                 cstackCOMMON 0070
__pmaintext                     maintext     0016
__ptext1                        text1        0444
__ptext10                       text10       0007
__ptext11                       text11       0376
__ptext12                       text12       003F
__ptext13                       text13       00FC
__ptext14                       text14       0665
__ptext15                       text15       0003
__ptext16                       text16       0027
__ptext17                       text17       0076
__ptext18                       text18       000D
__ptext2                        text2        0059
__ptext3                        text3        0542
__ptext4                        text4        02AC
__ptext5                        text5        01A2
__ptext6                        text6        00B9
__ptext7                        text7        0204
__ptext8                        text8        014C
__ptext9                        text9        0097
__size_of_Initialize            (abs)        0000
__size_of___wmul                (abs)        0000
__size_of_alternateDouble       (abs)        0000
__size_of_circlePattern         (abs)        0000
__size_of_crash                 (abs)        0000
__size_of_diagonalPattern       (abs)        0000
__size_of_doublePattern         (abs)        0000
__size_of_endToEnd              (abs)        0000
__size_of_flashAllOn            (abs)        0000
__size_of_flashAlternating      (abs)        0000
__size_of_main                  (abs)        0000
__size_of_msDelay               (abs)        0000
__size_of_patternOne            (abs)        0000
__size_of_patternTwo            (abs)        0000
__size_of_rotateDouble          (abs)        0000
__size_of_rotateDoubleBackwards (abs)        0000
__size_of_swipe                 (abs)        0000
__size_of_turnOffAll            (abs)        0000
__size_of_turnOnAll             (abs)        0000
_alternateDouble                text4        02AC
_circlePattern                  text14       0665
_crash                          text13       00FC
_diagonalPattern                text3        0542
_doublePattern                  text12       003F
_endToEnd                       text11       0376
_flashAllOn                     text9        0097
_flashAlternating               text8        014C
_main                           maintext     0016
_msDelay                        text16       0027
_patternOne                     text5        01A2
_patternTwo                     text1        0444
_rotateDouble                   text7        0204
_rotateDoubleBackwards          text2        0059
_swipe                          text6        00B9
_turnOffAll                     text15       0003
_turnOnAll                      text10       0007
alternateDouble@multiplier      cstackCOMMON 007B
btemp                           (abs)        007E
circlePattern@multiplier        cstackCOMMON 007B
crash@k                         cstackCOMMON 007B
diagonalPattern@multiplier      cstackCOMMON 007B
end_of_initialization           cinit        07FE
flashAllOn@k                    cstackCOMMON 007B
flashAlternating@multiplier     cstackCOMMON 007B
intlevel0                       functab      0000
intlevel1                       functab      0000
intlevel2                       functab      0000
intlevel3                       functab      0000
intlevel4                       functab      0000
intlevel5                       functab      0000
msDelay@count                   cstackCOMMON 0076
msDelay@i                       cstackCOMMON 0079
patternOne@i                    cstackBANK0  0024
patternOne@j                    cstackBANK0  0026
patternTwo@i                    cstackBANK0  002A
patternTwo@i_112                cstackBANK0  002C
patternTwo@i_114                cstackBANK0  0026
patternTwo@i_115                cstackBANK0  0028
patternTwo@j                    cstackBANK0  0024
patternTwo@j_116                cstackBANK0  002E
reset_vec                       reset_vec    0000
rotateDouble@k                  cstackBANK0  0022
rotateDouble@multiplier         cstackCOMMON 007B
stackhi                         (abs)        0000
stacklo                         (abs)        0000
start                           init         0000
start_initialization            cinit        07FE
wtemp0                          (abs)        007E


FUNCTION INFORMATION:

 *************** function _main *****************
 Defined at:
		line 93 in file "cFlasher.c"
 Parameters:    Size  Location     Type
		None
 Auto vars:     Size  Location     Type
		None
 Return value:  Size  Location     Type
                  2   50[None  ] int 
 Registers used:
		wreg, status,2, status,0, btemp+1, pclath, cstack
 Tracked objects:
		On entry : 
		On exit  : 
		Unchanged: 
 Data sizes:     COMMON   BANK0   BANK1
      Params:         0       0       0
      Locals:         0       0       0
      Temps:          0       0       0
      Totals:         0       0       0
Total ram usage:        0 bytes
 Hardware stack levels required when called:    3
 This function calls:
		_Initialize
		_patternOne
		_patternTwo
 This function is called by:
		Startup code after reset
 This function uses a non-reentrant model


 *************** function _patternTwo *****************
 Defined at:
		line 213 in file "cFlasher.c"
 Parameters:    Size  Location     Type
		None
 Auto vars:     Size  Location     Type
  j               2   14[BANK0 ] int 
  j               2    4[BANK0 ] int 
  i               2    8[BANK0 ] int 
  i               2    6[BANK0 ] int 
  i               2   12[BANK0 ] int 
  i               2   10[BANK0 ] int 
 Return value:  Size  Location     Type
                  1    wreg      void 
 Registers used:
		wreg, status,2, status,0, btemp+1, pclath, cstack
 Tracked objects:
		On entry : 
		On exit  : 
		Unchanged: 
 Data sizes:     COMMON   BANK0   BANK1
      Params:         0       0       0
      Locals:         0      12       0
      Temps:          0       0       0
      Totals:         0      12       0
Total ram usage:       12 bytes
 Hardware stack levels used:    1
 Hardware stack levels required when called:    2
 This function calls:
		_alternateDouble
		_circlePattern
		_crash
		_diagonalPattern
		_doublePattern
		_endToEnd
		_flashAllOn
		_flashAlternating
		_msDelay
		_rotateDouble
		_rotateDoubleBackwards
		_swipe
		_turnOnAll
 This function is called by:
		_main
 This function uses a non-reentrant model


 *************** function _rotateDoubleBackwards *****************
 Defined at:
		line 379 in file "cFlasher.c"
 Parameters:    Size  Location     Type
		None
 Auto vars:     Size  Location     Type
		None
 Return value:  Size  Location     Type
                  1    wreg      void 
 Registers used:
		wreg, status,2, status,0, pclath, cstack
 Tracked objects:
		On entry : 
		On exit  : 
		Unchanged: 
 Data sizes:     COMMON   BANK0   BANK1
      Params:         0       0       0
      Locals:         0       0       0
      Temps:          0       0       0
      Totals:         0       0       0
Total ram usage:        0 bytes
 Hardware stack levels used:    1
 Hardware stack levels required when called:    1
 This function calls:
		_msDelay
 This function is called by:
		_patternTwo
 This function uses a non-reentrant model


 *************** function _diagonalPattern *****************
 Defined at:
		line 504 in file "cFlasher.c"
 Parameters:    Size  Location     Type
  multiplier      2   11[COMMON] int 
 Auto vars:     Size  Location     Type
		None
 Return value:  Size  Location     Type
                  1    wreg      void 
 Registers used:
		wreg, status,2, status,0, pclath, cstack
 Tracked objects:
		On entry : 
		On exit  : 
		Unchanged: 
 Data sizes:     COMMON   BANK0   BANK1
      Params:         2       0       0
      Locals:         0       0       0
      Temps:          0       2       0
      Totals:         2       2       0
Total ram usage:        4 bytes
 Hardware stack levels used:    1
 Hardware stack levels required when called:    1
 This function calls:
		___wmul
		_msDelay
		_turnOffAll
 This function is called by:
		_patternTwo
 This function uses a non-reentrant model


 *************** function _alternateDouble *****************
 Defined at:
		line 400 in file "cFlasher.c"
 Parameters:    Size  Location     Type
  multiplier      2   11[COMMON] int 
 Auto vars:     Size  Location     Type
		None
 Return value:  Size  Location     Type
                  1    wreg      void 
 Registers used:
		wreg, status,2, status,0, pclath, cstack
 Tracked objects:
		On entry : 
		On exit  : 
		Unchanged: 
 Data sizes:     COMMON   BANK0   BANK1
      Params:         2       0       0
      Locals:         0       0       0
      Temps:          0       2       0
      Totals:         2       2       0
Total ram usage:        4 bytes
 Hardware stack levels used:    1
 Hardware stack levels required when called:    1
 This function calls:
		___wmul
		_msDelay
		_turnOffAll
 This function is called by:
		_patternTwo
 This function uses a non-reentrant model


 *************** function _patternOne *****************
 Defined at:
		line 183 in file "cFlasher.c"
 Parameters:    Size  Location     Type
		None
 Auto vars:     Size  Location     Type
  j               2    6[BANK0 ] int 
  i               2    4[BANK0 ] int 
 Return value:  Size  Location     Type
                  1    wreg      void 
 Registers used:
		wreg, status,2, status,0, btemp+1, pclath, cstack
 Tracked objects:
		On entry : 
		On exit  : 
		Unchanged: 
 Data sizes:     COMMON   BANK0   BANK1
      Params:         0       0       0
      Locals:         0       4       0
      Temps:          0       0       0
      Totals:         0       4       0
Total ram usage:        4 bytes
 Hardware stack levels used:    1
 Hardware stack levels required when called:    2
 This function calls:
		_circlePattern
		_crash
		_doublePattern
		_endToEnd
		_flashAllOn
		_flashAlternating
		_rotateDouble
		_swipe
		_turnOnAll
 This function is called by:
		_main
 This function uses a non-reentrant model


 *************** function _swipe *****************
 Defined at:
		line 542 in file "cFlasher.c"
 Parameters:    Size  Location     Type
		None
 Auto vars:     Size  Location     Type
		None
 Return value:  Size  Location     Type
                  1    wreg      void 
 Registers used:
		wreg, status,2, status,0, pclath, cstack
 Tracked objects:
		On entry : 
		On exit  : 
		Unchanged: 
 Data sizes:     COMMON   BANK0   BANK1
      Params:         0       0       0
      Locals:         0       0       0
      Temps:          0       0       0
      Totals:         0       0       0
Total ram usage:        0 bytes
 Hardware stack levels used:    1
 Hardware stack levels required when called:    1
 This function calls:
		_msDelay
		_turnOffAll
 This function is called by:
		_patternOne
		_patternTwo
 This function uses a non-reentrant model


 *************** function _rotateDouble *****************
 Defined at:
		line 346 in file "cFlasher.c"
 Parameters:    Size  Location     Type
  multiplier      2   11[COMMON] int 
 Auto vars:     Size  Location     Type
  k               2    2[BANK0 ] int 
 Return value:  Size  Location     Type
                  1    wreg      void 
 Registers used:
		wreg, status,2, status,0, btemp+1, pclath, cstack
 Tracked objects:
		On entry : 
		On exit  : 
		Unchanged: 
 Data sizes:     COMMON   BANK0   BANK1
      Params:         2       0       0
      Locals:         0       2       0
      Temps:          0       2       0
      Totals:         2       4       0
Total ram usage:        6 bytes
 Hardware stack levels used:    1
 Hardware stack levels required when called:    1
 This function calls:
		___wmul
		_msDelay
 This function is called by:
		_patternOne
		_patternTwo
 This function uses a non-reentrant model


 *************** function _flashAlternating *****************
 Defined at:
		line 486 in file "cFlasher.c"
 Parameters:    Size  Location     Type
  multiplier      2   11[COMMON] int 
 Auto vars:     Size  Location     Type
		None
 Return value:  Size  Location     Type
                  1    wreg      void 
 Registers used:
		wreg, status,2, status,0, pclath, cstack
 Tracked objects:
		On entry : 
		On exit  : 
		Unchanged: 
 Data sizes:     COMMON   BANK0   BANK1
      Params:         2       0       0
      Locals:         0       0       0
      Temps:          0       2       0
      Totals:         2       2       0
Total ram usage:        4 bytes
 Hardware stack levels used:    1
 Hardware stack levels required when called:    1
 This function calls:
		___wmul
		_msDelay
		_turnOffAll
 This function is called by:
		_patternOne
		_patternTwo
 This function uses a non-reentrant model


 *************** function _flashAllOn *****************
 Defined at:
		line 469 in file "cFlasher.c"
 Parameters:    Size  Location     Type
		None
 Auto vars:     Size  Location     Type
  k               2   11[COMMON] int 
 Return value:  Size  Location     Type
                  1    wreg      void 
 Registers used:
		wreg, status,2, status,0, btemp+1, pclath, cstack
 Tracked objects:
		On entry : 
		On exit  : 
		Unchanged: 
 Data sizes:     COMMON   BANK0   BANK1
      Params:         0       0       0
      Locals:         2       0       0
      Temps:          0       0       0
      Totals:         2       0       0
Total ram usage:        2 bytes
 Hardware stack levels used:    1
 Hardware stack levels required when called:    1
 This function calls:
		_msDelay
		_turnOffAll
		_turnOnAll
 This function is called by:
		_patternOne
		_patternTwo
 This function uses a non-reentrant model


 *************** function _turnOnAll *****************
 Defined at:
		line 156 in file "cFlasher.c"
 Parameters:    Size  Location     Type
		None
 Auto vars:     Size  Location     Type
		None
 Return value:  Size  Location     Type
                  1    wreg      void 
 Registers used:
		wreg
 Tracked objects:
		On entry : 
		On exit  : 
		Unchanged: 
 Data sizes:     COMMON   BANK0   BANK1
      Params:         0       0       0
      Locals:         0       0       0
      Temps:          0       0       0
      Totals:         0       0       0
Total ram usage:        0 bytes
 Hardware stack levels used:    1
 This function calls:
		Nothing
 This function is called by:
		_patternOne
		_patternTwo
		_flashAllOn
 This function uses a non-reentrant model


 *************** function _endToEnd *****************
 Defined at:
		line 257 in file "cFlasher.c"
 Parameters:    Size  Location     Type
		None
 Auto vars:     Size  Location     Type
		None
 Return value:  Size  Location     Type
                  1    wreg      void 
 Registers used:
		wreg, status,2, status,0, pclath, cstack
 Tracked objects:
		On entry : 
		On exit  : 
		Unchanged: 
 Data sizes:     COMMON   BANK0   BANK1
      Params:         0       0       0
      Locals:         0       0       0
      Temps:          0       0       0
      Totals:         0       0       0
Total ram usage:        0 bytes
 Hardware stack levels used:    1
 Hardware stack levels required when called:    1
 This function calls:
		_msDelay
 This function is called by:
		_patternOne
		_patternTwo
 This function uses a non-reentrant model


 *************** function _doublePattern *****************
 Defined at:
		line 326 in file "cFlasher.c"
 Parameters:    Size  Location     Type
		None
 Auto vars:     Size  Location     Type
		None
 Return value:  Size  Location     Type
                  1    wreg      void 
 Registers used:
		wreg, status,2, status,0, pclath, cstack
 Tracked objects:
		On entry : 
		On exit  : 
		Unchanged: 
 Data sizes:     COMMON   BANK0   BANK1
      Params:         0       0       0
      Locals:         0       0       0
      Temps:          0       0       0
      Totals:         0       0       0
Total ram usage:        0 bytes
 Hardware stack levels used:    1
 Hardware stack levels required when called:    1
 This function calls:
		_msDelay
		_turnOffAll
 This function is called by:
		_patternOne
		_patternTwo
 This function uses a non-reentrant model


 *************** function _crash *****************
 Defined at:
		line 576 in file "cFlasher.c"
 Parameters:    Size  Location     Type
		None
 Auto vars:     Size  Location     Type
  k               2   11[COMMON] int 
 Return value:  Size  Location     Type
                  1    wreg      void 
 Registers used:
		wreg, status,2, status,0, btemp+1, pclath, cstack
 Tracked objects:
		On entry : 
		On exit  : 
		Unchanged: 
 Data sizes:     COMMON   BANK0   BANK1
      Params:         0       0       0
      Locals:         2       0       0
      Temps:          0       0       0
      Totals:         2       0       0
Total ram usage:        2 bytes
 Hardware stack levels used:    1
 Hardware stack levels required when called:    1
 This function calls:
		_msDelay
		_turnOffAll
 This function is called by:
		_patternOne
		_patternTwo
 This function uses a non-reentrant model


 *************** function _circlePattern *****************
 Defined at:
		line 426 in file "cFlasher.c"
 Parameters:    Size  Location     Type
  multiplier      2   11[COMMON] int 
 Auto vars:     Size  Location     Type
		None
 Return value:  Size  Location     Type
                  1    wreg      void 
 Registers used:
		wreg, status,2, status,0, pclath, cstack
 Tracked objects:
		On entry : 
		On exit  : 
		Unchanged: 
 Data sizes:     COMMON   BANK0   BANK1
      Params:         2       0       0
      Locals:         0       0       0
      Temps:          0       2       0
      Totals:         2       2       0
Total ram usage:        4 bytes
 Hardware stack levels used:    1
 Hardware stack levels required when called:    1
 This function calls:
		___wmul
		_msDelay
		_turnOffAll
 This function is called by:
		_patternOne
		_patternTwo
 This function uses a non-reentrant model


 *************** function _turnOffAll *****************
 Defined at:
		line 170 in file "cFlasher.c"
 Parameters:    Size  Location     Type
		None
 Auto vars:     Size  Location     Type
		None
 Return value:  Size  Location     Type
                  1    wreg      void 
 Registers used:
		status,2
 Tracked objects:
		On entry : 
		On exit  : 
		Unchanged: 
 Data sizes:     COMMON   BANK0   BANK1
      Params:         0       0       0
      Locals:         0       0       0
      Temps:          0       0       0
      Totals:         0       0       0
Total ram usage:        0 bytes
 Hardware stack levels used:    1
 This function calls:
		Nothing
 This function is called by:
		_doublePattern
		_alternateDouble
		_circlePattern
		_flashAllOn
		_flashAlternating
		_diagonalPattern
		_swipe
		_crash
 This function uses a non-reentrant model


 *************** function _msDelay *****************
 Defined at:
		line 141 in file "cFlasher.c"
 Parameters:    Size  Location     Type
  count           2    6[COMMON] unsigned int 
 Auto vars:     Size  Location     Type
  i               2    9[COMMON] int 
 Return value:  Size  Location     Type
                  1    wreg      void 
 Registers used:
		wreg, status,2
 Tracked objects:
		On entry : 
		On exit  : 
		Unchanged: 
 Data sizes:     COMMON   BANK0   BANK1
      Params:         2       0       0
      Locals:         2       0       0
      Temps:          1       0       0
      Totals:         5       0       0
Total ram usage:        5 bytes
 Hardware stack levels used:    1
 This function calls:
		Nothing
 This function is called by:
		_patternTwo
		_endToEnd
		_doublePattern
		_rotateDouble
		_rotateDoubleBackwards
		_alternateDouble
		_circlePattern
		_flashAllOn
		_flashAlternating
		_diagonalPattern
		_swipe
		_crash
 This function uses a non-reentrant model


 *************** function ___wmul *****************
 Defined at:
		line 15 in file "C:\Program Files (x86)\Microchip\xc8\v1.42\sources\common\Umul16.c"
 Parameters:    Size  Location     Type
  multiplier      2    0[COMMON] unsigned int 
  multiplicand    2    2[COMMON] unsigned int 
 Auto vars:     Size  Location     Type
  product         2    4[COMMON] unsigned int 
 Return value:  Size  Location     Type
                  2    0[COMMON] unsigned int 
 Registers used:
		wreg, status,2, status,0
 Tracked objects:
		On entry : 
		On exit  : 
		Unchanged: 
 Data sizes:     COMMON   BANK0   BANK1
      Params:         4       0       0
      Locals:         2       0       0
      Temps:          0       0       0
      Totals:         6       0       0
Total ram usage:        6 bytes
 Hardware stack levels used:    1
 This function calls:
		Nothing
 This function is called by:
		_rotateDouble
		_alternateDouble
		_circlePattern
		_flashAlternating
		_diagonalPattern
 This function uses a non-reentrant model


 *************** function _Initialize *****************
 Defined at:
		line 125 in file "cFlasher.c"
 Parameters:    Size  Location     Type
		None
 Auto vars:     Size  Location     Type
		None
 Return value:  Size  Location     Type
                  1    wreg      void 
 Registers used:
		wreg, status,2
 Tracked objects:
		On entry : 
		On exit  : 
		Unchanged: 
 Data sizes:     COMMON   BANK0   BANK1
      Params:         0       0       0
      Locals:         0       0       0
      Temps:          0       0       0
      Totals:         0       0       0
Total ram usage:        0 bytes
 Hardware stack levels used:    1
 This function calls:
		Nothing
 This function is called by:
		_main
 This function uses a non-reentrant model



MODULE INFORMATION

Module		Function		Class		Link	Load	Size
cFlasher.c
		_turnOffAll    		CODE           	0003	0000	5
		_flashAllOn    		CODE           	0097	0000	35
		_rotateDoubleBackwards		CODE           	0059	0000	30
		_flashAlternating		CODE           	014C	0000	87
		_main          		CODE           	0016	0000	18
		_circlePattern 		CODE           	0665	0000	410
		_turnOnAll     		CODE           	0007	0000	7
		_swipe         		CODE           	00B9	0000	68
		_Initialize    		CODE           	000D	0000	10
		_doublePattern 		CODE           	003F	0000	27
		_msDelay       		CODE           	0027	0000	25
		_crash         		CODE           	00FC	0000	81
		_endToEnd      		CODE           	0376	0000	207
		_rotateDouble  		CODE           	0204	0000	169
		_patternOne    		CODE           	01A2	0000	99
		_patternTwo    		CODE           	0444	0000	255
		_diagonalPattern		CODE           	0542	0000	292
		_alternateDouble		CODE           	02AC	0000	203

cFlasher.c estimated size: 2028

shared
		__initialization		CODE           	07FE	0000	1

shared estimated size: 1

C:\Program Files (x86)\Microchip\xc8\v1.42\sources\common\Umul16.c
		___wmul        		CODE           	0076	0000	34

C:\Program Files (x86)\Microchip\xc8\v1.42\sources\common\Umul16.c estimated size: 34

